1 2 3 4 5 6 7 8 9 10 
A B C D E F G H I J K L M N O P Q R S T U V W X Y Z 
vector of string values 
TRUE TRUE TRUE TRUE TRUE FALSE FALSE FALSE FALSE FALSE 
0 0.1 0.2 0.3 0.4 0.5 0.6 0.7 0.8 0.9 1 
With formatting:
    1    2    3    4    5    6    7    8    9   10
ABCDEFGHIJKLMNOPQRSTUVWXYZ
              vector                  of              string              values
      TRUE      TRUE      TRUE      TRUE      TRUE     FALSE     FALSE     FALSE     FALSE     FALSE
 0.00 0.10 0.20 0.30 0.40 0.50 0.60 0.70 0.80 0.90 1.00
