5
42
-1
6
7
1 -5 A 3.14159 0 31 71
7 -1 D 2.71828 TRUE 31 99
Hello world
Hello world
A string defined in C++
A STRING DEFINED IN C++
