1: Hello, world #1
2: Hello, world #2
3: Hello, world #3
4: Hello, world #4
5: Hello, world #5
6: Hello, world #6
7: Hello, world #7
8: Hello, world #8
9: Hello, world #9
10: Hello, world #10
