integer 2
real 2.5
var int 3
intvec 1 2 3 4 5 
realvec 1 1.2 1.4 1.6 1.8 2 
real 2.5
