19
12345678910
8
S1S2S3S4S5S6S7S8S9S10
S9
S8
9
9
750
734
