Unsorted: 10 7 12 6 9 11 2 14 5 1 4 8 16 13 18 19 15 20 3 17 
Sorted:   1 2 3 4 5 6 7 8 9 10 11 12 13 14 15 16 17 18 19 20 
