FALSE FALSE FALSE FALSE FALSE TRUE TRUE TRUE TRUE TRUE 
FALSE FALSE FALSE FALSE FALSE TRUE TRUE TRUE TRUE TRUE 
35 36 37 38 39 40 41 42 43 44 45 
30 31 32 33 34 35 36 37 38 39 40 
35 36 37 38 39 40 41 42 43 44 45 
1 3 5 7 9 11 13 15 17 19 21 23 25 27 29 31 33 35 37 39 41 43 45 47 49 51 53 55 57 59 61 63 65 67 69 71 73 75 77 79 81 83 85 87 89 91 93 95 97 99 
1 2 3 4 5 6 7 8 9 10 
-5 -4 -3 -2 -1 0 1 2 3 4 
1 2 3 4 5 6 7 8 9 10 
2 4 6 8 10 12 14 16 18 20 
TRUE TRUE TRUE FALSE FALSE FALSE FALSE FALSE FALSE TRUE 
2 3 4 5 6 7 8 9 10 11 
FALSE FALSE FALSE FALSE TRUE TRUE TRUE TRUE TRUE TRUE 
3.14159 
-3.8 -2.8 -1.8 -0.8 0.2 1.2 2.2 3.2 4.2 5.2 
0.0909091 0.166667 0.230769 0.285714 0.333333 0.375 0.411765 0.444444 0.473684 0.5 
4 3 3 3 3 3 2 2 2 2 2 
1 0 1 0 1 0 1 0 1 0 1 0 1 0 1 0 1 0 1 0 
1 2 3 4 5 6 7 8 9 10 
1 2 3 4 5 
1 2 3 4 5 12 10 11 12 13 14 15 
50 51 52 53 54 55 56 57 58 59 60 
1 2 3 4 5 12 10 11 12 13 14 15 50 51 52 53 54 55 56 57 58 59 60 
3 -7 9 -1 2 5 3 17 -21 
-21 -7 -1 2 3 3 5 9 17 
Hello
1 2 3 
  1  0  0
  0  1  0
  0  0  1
  1  0  0
  0  1  0
  0  0  1
  1  0  0
  0  1  0
  0  0  1
  1  0  0  0  0  0  0  0  0  0
  0  1  0  0  0  0  0  0  0  0
  0  0  1  0  0  0  0  0  0  0
  0  0  0  1  0  0  0  0  0  0
  0  0  0  0  1  0  0  0  0  0
  0  0  0  0  0  1  0  0  0  0
  0  0  0  0  0  0  1  0  0  0
  0  0  0  0  0  0  0  1  0  0
  0  0  0  0  0  0  0  0  1  0
  0  0  0  0  0  0  0  0  0  1
   1-1   1-2   1-3   1-4   1-5   1-6   1-7   1-8   1-9  1-10
   2-1   2-2   2-3   2-4   2-5   2-6   2-7   2-8   2-9  2-10
   3-1   3-2   3-3   3-4   3-5   3-6   3-7   3-8   3-9  3-10
   4-1   4-2   4-3   4-4   4-5   4-6   4-7   4-8   4-9  4-10
   5-1   5-2   5-3   5-4   5-5   5-6   5-7   5-8   5-9  5-10
   6-1   6-2   6-3   6-4   6-5   6-6   6-7   6-8   6-9  6-10
   7-1   7-2   7-3   7-4   7-5   7-6   7-7   7-8   7-9  7-10
   8-1   8-2   8-3   8-4   8-5   8-6   8-7   8-8   8-9  8-10
   9-1   9-2   9-3   9-4   9-5   9-6   9-7   9-8   9-9  9-10
  10-1  10-2  10-3  10-4  10-5  10-6  10-7  10-8  10-9 10-10
