1 2 3 4 10 6 7 8 9 10 11 12 13 14 15 16 17 18 19 20 
10 6 7 8 9 10 
TRUE TRUE TRUE TRUE FALSE TRUE TRUE TRUE TRUE FALSE FALSE FALSE FALSE FALSE FALSE FALSE FALSE FALSE FALSE FALSE 
1 2 3 4 6 7 8 9 
