3
18 18 18 19 19 19 100 101 102 103 104 105 106 107 108 109 
