2 4 6 8 10 12 14 16 18 20 
5050
500500
50
1 3 6 10 15 21 28 36 45 55 66 78 91 105 120 136 153 171 190 210 
0 0.1 0.3 0.6 1 1.5 2.1 2.8 3.6 4.5 5.5 
5 4 3 2 1 
10 9 8 7 6 5 4 3 2 1 
1 2 3 4 5 6 7 8 9 10 
1 0.9 0.8 0.7 0.6 0.5 0.4 0.3 0.2 0.1 0 
1 2 3 4 5 6 7 8 9 10 
