5
1 2 3 4 5 
2 3 
FALSE FALSE TRUE TRUE TRUE 
3 4 5 
1 2 3 4 5 2 3 
3
1 2 3 4 5 
2 3 4 5 6 
1 2 3 4 5 
5 6 7 8 9 10 
