This is string 1
This is string 2
This is string 3
This is string 4
This is string 5
This is string 6
This is string 7
This is string 8
This is string 9
This is string 10
